=== kok -> gom ===
  admin.json
  auth.json
  bounties.json
  common.json
  dashboard.json
  documentation.json
  forms.json
  landing.json
  legal.json
  marketplace.json
  nav.json
  pageTitles.json
=== ks -> ur ===
  admin.json
  auth.json
  batch fail, falling back to single: By connecting your wallet you agree to our Terms of Service and Privacy Policy. We store only your Algorand wallet address and related account data needed to run the marketplace (authentication, USDC opt-in status, and usage totals). You can request deletion of your account data at any time. Blockchain transactions are public and permanent. --> No translation was found using the current translator. Try another translator?
  bounties.json
  batch fail, falling back to single: Submission details --> No translation was found using the current translator. Try another translator?
  common.json
  dashboard.json
  documentation.json
  forms.json
  landing.json
  batch fail, falling back to single: x402 Protocol — AI Agent Purchase Flow --> No translation was found using the current translator. Try another translator?
  legal.json
  batch fail, falling back to single: We may update these terms. Continued use after changes constitutes acceptance where permitted by law. Material changes to privacy practices will be reflected in the Privacy Policy. --> No translation was found using the current translator. Try another translator?
  batch fail, falling back to single: Depending on applicable law (including India’s Digital Personal Data Protection Act and, where relevant, GDPR), you may have rights to access, correct, or delete personal data we hold, and to withdraw consent where processing is consent-based. Use the contact below to exercise these rights. --> No translation was found using the current translator. Try another translator?
  marketplace.json
  nav.json
  pageTitles.json
=== mai -> mai ===
  admin.json
  auth.json
  bounties.json
  common.json
  dashboard.json
  batch fail, falling back to single: Running total as purchases happened (order #1 = earliest). --> No translation was found using the current translator. Try another translator?
  documentation.json
  forms.json
  batch fail, falling back to single: You must confirm the data responsibility statement before continuing. --> No translation was found using the current translator. Try another translator?
  landing.json
  batch fail, falling back to single: Algorand settles in under 3 seconds. Sellers receive USDC directly — no escrow, no waiting. --> No translation was found using the current translator. Try another translator?
  legal.json
  marketplace.json
  nav.json
  pageTitles.json
=== ml -> ml ===
  admin.json
  auth.json
  bounties.json
  batch fail, falling back to single: Earn USDC by submitting data buyers need. Rewards locked in smart contract escrow. --> No translation was found using the current translator. Try another translator?
  common.json
  dashboard.json
  batch fail, falling back to single: Browse the marketplace → --> No translation was found using the current translator. Try another translator?
  documentation.json
  forms.json
  batch fail, falling back to single: Max 10MB — Users see this before buying --> No translation was found using the current translator. Try another translator?
  landing.json
  batch fail, falling back to single: X-Payment: USDC $2.50 on Algorand --> No translation was found using the current translator. Try another translator?
  single fail 'Market data, transactions, economic indi': Market data, transactions, economic indicators --> No translation was found using the current translator. Try another translator?
  legal.json
  marketplace.json
  batch fail, falling back to single: Connect your wallet to purchase. AI agents can purchase directly via x402. --> No translation was found using the current translator. Try another translator?
  nav.json
  pageTitles.json
=== mni -> mni-Mtei ===
  admin.json
  auth.json
  bounties.json
  common.json
  dashboard.json
  documentation.json
  batch fail, falling back to single: Positive integer, max 200 --> No translation was found using the current translator. Try another translator?
  forms.json
  landing.json
  batch fail, falling back to single: Ayurvedic plants, medical images, records --> No translation was found using the current translator. Try another translator?
  legal.json
  marketplace.json
  nav.json
  pageTitles.json
=== mr -> mr ===
  admin.json
  auth.json
  bounties.json
  common.json
  dashboard.json
  documentation.json
  forms.json
  landing.json
  legal.json
  batch fail, falling back to single: Depending on applicable law (including India’s Digital Personal Data Protection Act and, where relevant, GDPR), you may have rights to access, correct, or delete personal data we hold, and to withdraw consent where processing is consent-based. Use the contact below to exercise these rights. --> No translation was found using the current translator. Try another translator?
  marketplace.json
  batch fail, falling back to single: Public record of paid access (buyer wallets are truncated for privacy). --> No translation was found using the current translator. Try another translator?
  nav.json
  pageTitles.json
=== ne -> ne ===
  admin.json
  batch fail, falling back to single: Active vs unlisted datasets in the sample — moderation and catalog health. --> No translation was found using the current translator. Try another translator?
  auth.json
  bounties.json
  common.json
  dashboard.json
  documentation.json
  forms.json
  landing.json
  legal.json
  marketplace.json
  nav.json
  pageTitles.json
=== or -> or ===
  admin.json
  auth.json
  bounties.json
  batch fail, falling back to single: Both sample and full data files are required --> No translation was found using the current translator. Try another translator?
  single fail 'Reward must be between $1.00 and $1000.0': Reward must be between $1.00 and $1000.00 USDC --> No translation was found using the current translator. Try another translator?
  common.json
  dashboard.json
  documentation.json
  batch fail, falling back to single: Positive integer, max 200 --> No translation was found using the current translator. Try another translator?
  batch fail, falling back to single: Interactive OpenAPI (Scalar) for listing datasets and the x402 purchase flow. --> No translation was found using the current translator. Try another translator?
  single fail 'Interactive OpenAPI (Scalar) for listing': Interactive OpenAPI (Scalar) for listing datasets and the x402 purchase flow. --> No translation was found using the current translator. Try another translator?
  forms.json
  landing.json
  batch fail, falling back to single: Algorand settles in under 3 seconds. Sellers receive USDC directly — no escrow, no waiting. --> No translation was found using the current translator. Try another translator?
  single fail 'Buy and sell datasets using USDC on Algo': Buy and sell datasets using USDC on Algorand. Instant payments. Zero friction. AI agents welcome. --> No translation was found using the current translator. Try another translator?
  legal.json
  marketplace.json
  nav.json
  pageTitles.json
=== pa -> pa ===
  admin.json
  auth.json
  bounties.json
  common.json
  dashboard.json
  documentation.json
  forms.json
  landing.json
  legal.json
  batch fail, falling back to single: To the maximum extent permitted by law, IDE and its operators are not liable for indirect damages, loss of profits, or issues arising from third-party networks (including Algorand), IPFS providers, or buyer/seller disputes. Nothing excludes liability that cannot be excluded under applicable law. --> No translation was found using the current translator. Try another translator?
  marketplace.json
  nav.json
  pageTitles.json
=== sa -> sa ===
  admin.json
  auth.json
  bounties.json
  common.json
  dashboard.json
  documentation.json
  forms.json
  landing.json
  legal.json
  marketplace.json
  nav.json
  pageTitles.json
=== sat -> bn ===
  admin.json
  auth.json
  bounties.json
  common.json
  dashboard.json
  documentation.json
  forms.json
  batch fail, falling back to single: I confirm I have the legal right to share this data, that it does not contain personal data of individuals without their consent, and I accept full responsibility for the content I upload. --> No translation was found using the current translator. Try another translator?
  landing.json
  legal.json
  batch fail, falling back to single: To the maximum extent permitted by law, IDE and its operators are not liable for indirect damages, loss of profits, or issues arising from third-party networks (including Algorand), IPFS providers, or buyer/seller disputes. Nothing excludes liability that cannot be excluded under applicable law. --> No translation was found using the current translator. Try another translator?
  marketplace.json
  nav.json
  pageTitles.json
=== sd -> sd ===
  admin.json
  batch fail, falling back to single: Aggregations from admin dataset and bounty lists (up to __PH_0__ rows each). --> No translation was found using the current translator. Try another translator?
  auth.json
  bounties.json
  common.json
  dashboard.json
  batch fail, falling back to single: Where your purchase volume went — sums payment amounts. --> No translation was found using the current translator. Try another translator?
  documentation.json
  forms.json
  landing.json
  legal.json
  marketplace.json
  nav.json
  pageTitles.json
=== ta -> ta ===
  admin.json
  auth.json
  bounties.json
  common.json
  dashboard.json
  documentation.json
  forms.json
  landing.json
  legal.json
  marketplace.json
  nav.json
  pageTitles.json
=== te -> te ===
  admin.json
  auth.json
  bounties.json
  common.json
  dashboard.json
  documentation.json
  forms.json
  landing.json
  legal.json
  marketplace.json
  nav.json
  pageTitles.json
=== ur -> ur ===
  admin.json
  auth.json
  bounties.json
  common.json
  dashboard.json
  documentation.json
  forms.json
  landing.json
  legal.json
  marketplace.json
  nav.json
  pageTitles.json
done.
EXIT_CODE=0
